   Compiling director-engine v1.1.0 (/app)
